###############################################################################
#
# IAR ELF Linker V8.32.1.169/W32 for ARM                  02/Dec/2019  17:34:45
# Copyright 2007-2018 IAR Systems AB.
#
#    Output file  =  
#        E:\smartcar\smart_car_program2019\Prj\IAR\FN15_Debug\Exe\vcan_Kinetis.out
#    Map file     =  
#        E:\smartcar\smart_car_program2019\Prj\IAR\FN15_Debug\List\vcan_Kinetis.map
#    Command line =  
#        -f C:\Users\PC\AppData\Local\Temp\EW6B01.tmp
#        (E:\smartcar\smart_car_program2019\Prj\IAR\FN15_Debug\Obj\Analog_sensor.o
#        E:\smartcar\smart_car_program2019\Prj\IAR\FN15_Debug\Obj\HMI_interface.o
#        E:\smartcar\smart_car_program2019\Prj\IAR\FN15_Debug\Obj\main.o
#        E:\smartcar\smart_car_program2019\Prj\IAR\FN15_Debug\Obj\misc.o
#        E:\smartcar\smart_car_program2019\Prj\IAR\FN15_Debug\Obj\MK60_adc.o
#        E:\smartcar\smart_car_program2019\Prj\IAR\FN15_Debug\Obj\MK60_can.o
#        E:\smartcar\smart_car_program2019\Prj\IAR\FN15_Debug\Obj\MK60_conf.o
#        E:\smartcar\smart_car_program2019\Prj\IAR\FN15_Debug\Obj\MK60_dac.o
#        E:\smartcar\smart_car_program2019\Prj\IAR\FN15_Debug\Obj\MK60_dma.o
#        E:\smartcar\smart_car_program2019\Prj\IAR\FN15_Debug\Obj\MK60_DWT.o
#        E:\smartcar\smart_car_program2019\Prj\IAR\FN15_Debug\Obj\MK60_flash.o
#        E:\smartcar\smart_car_program2019\Prj\IAR\FN15_Debug\Obj\MK60_flexbus.o
#        E:\smartcar\smart_car_program2019\Prj\IAR\FN15_Debug\Obj\MK60_ftm.o
#        E:\smartcar\smart_car_program2019\Prj\IAR\FN15_Debug\Obj\MK60_gpio.o
#        E:\smartcar\smart_car_program2019\Prj\IAR\FN15_Debug\Obj\MK60_i2c.o
#        E:\smartcar\smart_car_program2019\Prj\IAR\FN15_Debug\Obj\MK60_it.o
#        E:\smartcar\smart_car_program2019\Prj\IAR\FN15_Debug\Obj\MK60_lptmr.o
#        E:\smartcar\smart_car_program2019\Prj\IAR\FN15_Debug\Obj\MK60_mcg.o
#        E:\smartcar\smart_car_program2019\Prj\IAR\FN15_Debug\Obj\MK60_PIT.o
#        E:\smartcar\smart_car_program2019\Prj\IAR\FN15_Debug\Obj\MK60_port.o
#        E:\smartcar\smart_car_program2019\Prj\IAR\FN15_Debug\Obj\MK60_rtc.o
#        E:\smartcar\smart_car_program2019\Prj\IAR\FN15_Debug\Obj\MK60_sdhc.o
#        E:\smartcar\smart_car_program2019\Prj\IAR\FN15_Debug\Obj\MK60_spi.o
#        E:\smartcar\smart_car_program2019\Prj\IAR\FN15_Debug\Obj\MK60_SysTick.o
#        E:\smartcar\smart_car_program2019\Prj\IAR\FN15_Debug\Obj\MK60_uart.o
#        E:\smartcar\smart_car_program2019\Prj\IAR\FN15_Debug\Obj\MK60_usb.o
#        E:\smartcar\smart_car_program2019\Prj\IAR\FN15_Debug\Obj\MK60_wdog.o
#        E:\smartcar\smart_car_program2019\Prj\IAR\FN15_Debug\Obj\oled.o
#        E:\smartcar\smart_car_program2019\Prj\IAR\FN15_Debug\Obj\startup_MK60DZ10.o
#        E:\smartcar\smart_car_program2019\Prj\IAR\FN15_Debug\Obj\system_MK60DZ10.o
#        E:\smartcar\smart_car_program2019\Prj\IAR\FN15_Debug\Obj\VCAN_ASCII.o
#        E:\smartcar\smart_car_program2019\Prj\IAR\FN15_Debug\Obj\VCAN_BMP.o
#        E:\smartcar\smart_car_program2019\Prj\IAR\FN15_Debug\Obj\VCAN_camera.o
#        E:\smartcar\smart_car_program2019\Prj\IAR\FN15_Debug\Obj\VCAN_computer.o
#        E:\smartcar\smart_car_program2019\Prj\IAR\FN15_Debug\Obj\vcan_img2sd.o
#        E:\smartcar\smart_car_program2019\Prj\IAR\FN15_Debug\Obj\VCAN_key.o
#        E:\smartcar\smart_car_program2019\Prj\IAR\FN15_Debug\Obj\VCAN_key_event.o
#        E:\smartcar\smart_car_program2019\Prj\IAR\FN15_Debug\Obj\VCAN_LCD.o
#        E:\smartcar\smart_car_program2019\Prj\IAR\FN15_Debug\Obj\VCAN_LCD_CH.o
#        E:\smartcar\smart_car_program2019\Prj\IAR\FN15_Debug\Obj\VCAN_LCD_ILI9325.o
#        E:\smartcar\smart_car_program2019\Prj\IAR\FN15_Debug\Obj\VCAN_LCD_ILI9341.o
#        E:\smartcar\smart_car_program2019\Prj\IAR\FN15_Debug\Obj\VCAN_LCD_ST7735R.o
#        E:\smartcar\smart_car_program2019\Prj\IAR\FN15_Debug\Obj\VCAN_LCD_ST7735S.o
#        E:\smartcar\smart_car_program2019\Prj\IAR\FN15_Debug\Obj\VCAN_LED.o
#        E:\smartcar\smart_car_program2019\Prj\IAR\FN15_Debug\Obj\VCAN_MMA7455.o
#        E:\smartcar\smart_car_program2019\Prj\IAR\FN15_Debug\Obj\VCAN_NRF24L0.o
#        E:\smartcar\smart_car_program2019\Prj\IAR\FN15_Debug\Obj\VCAN_NRF24L0_MSG.o
#        E:\smartcar\smart_car_program2019\Prj\IAR\FN15_Debug\Obj\VCAN_OV7725_Eagle.o
#        E:\smartcar\smart_car_program2019\Prj\IAR\FN15_Debug\Obj\VCAN_OV7725_Wolf.o
#        E:\smartcar\smart_car_program2019\Prj\IAR\FN15_Debug\Obj\VCAN_RTC_count.o
#        E:\smartcar\smart_car_program2019\Prj\IAR\FN15_Debug\Obj\VCAN_SCCB.o
#        E:\smartcar\smart_car_program2019\Prj\IAR\FN15_Debug\Obj\vcan_sd_app.o
#        E:\smartcar\smart_car_program2019\Prj\IAR\FN15_Debug\Obj\Vcan_touch.o
#        E:\smartcar\smart_car_program2019\Prj\IAR\FN15_Debug\Obj\VCAN_TSL1401.o
#        E:\smartcar\smart_car_program2019\Prj\IAR\FN15_Debug\Obj\VCAN_UI_VAR.o
#        E:\smartcar\smart_car_program2019\Prj\IAR\FN15_Debug\Obj\vectors.o
#        --redirect _Printf=_PrintfLargeNoMb --redirect _Scanf=_ScanfLargeNoMb
#        --no_out_extension -o
#        E:\smartcar\smart_car_program2019\Prj\IAR\FN15_Debug\Exe\vcan_Kinetis.out
#        --map
#        E:\smartcar\smart_car_program2019\Prj\IAR\FN15_Debug\List\vcan_Kinetis.map
#        --config "E:\smartcar\smart_car_program2019\Prj\IAR\config
#        files\vcan_ROM_K60N1M.icf"
#        E:\smartcar\smart_car_program2019\Prj\IAR\..\..\Lib\CMSIS\iar_cortexM4l_math.a
#        --entry __iar_program_start --redirect __write=__write_buffered --vfe
#        --text_out locale)
#
###############################################################################

*******************************************************************************
*** RUNTIME MODEL ATTRIBUTES
***

CppFlavor       = *
__SystemLibrary = DLib
__dlib_version  = 6


*******************************************************************************
*** HEAP SELECTION
***

The basic heap was selected because no calls to memory allocation
functions were found in the application outside of system library
functions, and there are calls to deallocation functions in the
application.


*******************************************************************************
*** PLACEMENT SUMMARY
***

"A0":  place at 0x0 { ro section .intvec };
"A1":  place at 0x410 { ro section .noinit };
define block CodeRelocate { section .textrw_init };
"P1":  place in [from 0x0 to 0x10'0000] { ro, block CodeRelocate };
define block CodeRelocateRam { section .textrw };
define block CSTACK with size = 4K, alignment = 8 { };
define block HEAP with size = 512, alignment = 8 { };
"P2":  place in [from 0x1fff'0410 to 0x2001'0000] {
          rw, block CodeRelocateRam, block CSTACK, block HEAP };
initialize manually with packing = copy, complex ranges { section .data };
initialize manually with packing = copy, complex ranges { section .textrw };

  Section              Kind         Address    Size  Object
  -------              ----         -------    ----  ------
"A0":                                         0x410
  .intvec              const            0x0   0x410  vectors.o [1]
                                    - 0x410   0x410

"A1":                                           0x8
  .noinit              ro code        0x410     0x8  startup_MK60DZ10.o [1]
                                    - 0x418     0x8

"P1":                                        0xb99c
  .data_init                          0x418  0x1c84  <Block>
    Initializer bytes  const          0x418  0x1c84  <for .data-1>
  .rodata              const         0x209c  0x12c0  main.o [1]
  .text                ro code       0x335c  0x1248  VCAN_LCD_ST7735S.o [1]
  .text                ro code       0x45a4   0x1ac  MK60_gpio.o [1]
  .text                ro code       0x4750    0xb8  MK60_port.o [1]
  .text                ro code       0x4808    0xc0  MK60_SysTick.o [1]
  Veneer               ro code       0x48c8     0x8  - Linker created -
  Veneer               ro code       0x48d0     0x8  - Linker created -
  .text                ro code       0x48d8   0x140  MK60_conf.o [1]
  .text                ro code       0x4a18    0x80  VCAN_LED.o [1]
  .text                ro code       0x4a98    0x28  printf.o [2]
  .text                ro code       0x4ac0   0x250  MK60_uart.o [1]
  .text                ro code       0x4d10   0x20c  VCAN_key.o [1]
  .text                ro code       0x4f1c   0xc16  xprintflarge_nomb.o [2]
  .text                ro code       0x5b32    0x3a  zero_init3.o [4]
  .text                ro code       0x5b6c    0x16  strchr.o [4]
  .text                ro code       0x5b82     0xa  xsprout.o [2]
  .text                ro code       0x5b8c    0x40  xfail_s.o [2]
  .text                ro code       0x5bcc    0x36  strlen.o [4]
  .rodata              const         0x5c02     0x2  VCAN_camera.o [1]
  .text                ro code       0x5c04    0x58  memchr.o [4]
  .text                ro code       0x5c5c   0x230  I64DivMod.o [4]
  .text                ro code       0x5e8c   0x1a2  DblMul.o [3]
  .rodata              const         0x602e     0x2  VCAN_computer.o [1]
  .text                ro code       0x6030    0xa6  ABImemcpy.o [4]
  .rodata              const         0x60d6     0x2  VCAN_computer.o [1]
  .text                ro code       0x60d8    0x70  frexp.o [3]
  .text                ro code       0x6148   0x246  DblDiv.o [3]
  .text                ro code       0x6390    0x28  DblToU32.o [3]
  .text                ro code       0x63b8    0x1a  U32ToDbl.o [3]
  .text                ro code       0x63d4    0xe2  DblSub.o [3]
  .text                ro code       0x64b8     0x8  xlocale_c.o [2]
  .text                ro code       0x64c0     0x6  abort.o [2]
  .text                ro code       0x64c8     0x2  I64DivZer.o [4]
  .text                ro code       0x64cc   0x17a  DblAdd.o [3]
  .text                ro code       0x6648     0xc  XXexit.o [4]
  .text                ro code       0x6654  0x1080  main.o [1]
  .text                ro code       0x76d4   0x286  HMI_interface.o [1]
  .text                ro code       0x795c   0x554  oled.o [1]
  .text                ro code       0x7eb0    0x50  misc.o [1]
  .text                ro code       0x7f00   0x578  VCAN_LCD.o [1]
  .text                ro code       0x8478   0x218  VCAN_OV7725_Eagle.o [1]
  .text                ro code       0x8690   0x220  VCAN_LCD_CH.o [1]
  .text                ro code       0x88b0    0x7c  MK60_PIT.o [1]
  .text                ro code       0x892c    0xcc  Analog_sensor.o [1]
  .text                ro code       0x89f8    0x40  VCAN_computer.o [1]
  .text                ro code       0x8a38   0x5e0  MK60_ftm.o [1]
  .text                ro code       0x9018    0x98  VCAN_camera.o [1]
  .text                ro code       0x90b0     0x6  ABImemclr4.o [4]
  .text                ro code       0x90b8    0x3a  DblToS32.o [3]
  .text                ro code       0x90f4    0x22  S32ToDbl.o [3]
  .text                ro code       0x9118    0x68  DblToFlt.o [3]
  .text                ro code       0x9180    0x48  FltToDbl.o [3]
  .text                ro code       0x91c8    0x40  sprintf.o [2]
  .text                ro code       0x9208   0x228  MK60_i2c.o [1]
  .text                ro code       0x9430   0x248  MK60_dma.o [1]
  .text                ro code       0x9678   0x342  VCAN_SCCB.o [1]
  .text                ro code       0x99bc   0x2a8  MK60_adc.o [1]
  .text                ro code       0x9c64    0x32  ABImemset48.o [4]
  .text                ro code       0x9c96     0x8  abs.o [2]
  .rodata              const         0x9ca0   0x600  VCAN_ASCII.o [1]
  .rodata              const         0xa2a0   0x5f0  oled.o [1]
  .rodata              const         0xa890   0x474  oled.o [1]
  .rodata              const         0xad04   0x400  oled.o [1]
  Veneer               ro code       0xb104     0x8  - Linker created -
  .text                ro code       0xb10c   0x3ac  MK60_mcg.o [1]
  CodeRelocate                       0xb4b8   0x1e8  <Block>
    Initializer bytes  const         0xb4b8   0x1e8  <for CodeRelocateRam-1>
  .text                ro code       0xb6a0   0x118  system_MK60DZ10.o [1]
  .text                ro code       0xb7b8    0x40  MK60_wdog.o [1]
  .rodata              const         0xb7f8    0x80  MK60_i2c.o [1]
  .rodata              const         0xb878    0x40  VCAN_LCD_ST7735S.o [1]
  .rodata              const         0xb8b8    0x3c  MK60_conf.o [1]
  .rodata              const         0xb8f4    0x3c  MK60_SysTick.o [1]
  .rodata              const         0xb930    0x38  HMI_interface.o [1]
  .rodata              const         0xb968    0x38  MK60_adc.o [1]
  .rodata              const         0xb9a0    0x38  MK60_dma.o [1]
  .rodata              const         0xb9d8    0x38  MK60_flash.o [1]
  .rodata              const         0xba10    0x38  MK60_ftm.o [1]
  .rodata              const         0xba48    0x38  MK60_gpio.o [1]
  .rodata              const         0xba80    0x38  MK60_PIT.o [1]
  .rodata              const         0xbab8    0x38  MK60_uart.o [1]
  .rodata              const         0xbaf0    0x34  misc.o [1]
  .text                ro code       0xbb24    0x28  data_init.o [4]
  .rodata              const         0xbb4c    0x24  MK60_conf.o [1]
  .rodata              const         0xbb70    0x24  VCAN_OV7725_Eagle.o [1]
  .rodata              const         0xbb94    0x24  VCAN_OV7725_Eagle.o [1]
  .text                ro code       0xbbb8    0x22  fpinit_M.o [3]
  .iar.init_table      const         0xbbdc    0x10  - Linker created -
  .rodata              const         0xbbec    0x20  MK60_conf.o [1]
  .rodata              const         0xbc0c    0x20  VCAN_OV7725_Eagle.o [1]
  .text                ro code       0xbc2c    0x1e  cmain.o [4]
  .text                ro code       0xbc4a     0x4  low_level_init.o [2]
  .text                ro code       0xbc4e     0x4  exit.o [2]
  .text                ro code       0xbc54     0xa  cexit.o [4]
  .rodata              const         0xbc60    0x18  VCAN_OV7725_Eagle.o [1]
  .rodata              const         0xbc78    0x18  VCAN_OV7725_Eagle.o [1]
  .text                ro code       0xbc90    0x16  xprout.o [2]
  .text                ro code       0xbca8     0xc  putchar.o [2]
  .rodata              const         0xbcb4    0x14  MK60_conf.o [1]
  .rodata              const         0xbcc8    0x14  VCAN_OV7725_Eagle.o [1]
  .rodata              const         0xbcdc    0x10  HMI_interface.o [1]
  .rodata              const         0xbcec    0x10  HMI_interface.o [1]
  .rodata              const         0xbcfc    0x10  HMI_interface.o [1]
  .rodata              const         0xbd0c    0x10  HMI_interface.o [1]
  .rodata              const         0xbd1c    0x10  HMI_interface.o [1]
  .rodata              const         0xbd2c    0x10  HMI_interface.o [1]
  .rodata              const         0xbd3c    0x10  HMI_interface.o [1]
  .rodata              const         0xbd4c    0x10  HMI_interface.o [1]
  .rodata              const         0xbd5c    0x10  HMI_interface.o [1]
  .rodata              const         0xbd6c    0x10  main.o [1]
  .rodata              const         0xbd7c    0x10  main.o [1]
  .text                ro code       0xbd8c     0xc  cstartup_M.o [4]
  .rodata              const         0xbd98     0x8  main.o [1]
  .rodata              const         0xbda0     0x4  main.o [1]
  .rodata              const         0xbda4     0x4  VCAN_LCD.o [1]
  .rodata              const         0xbda8     0x4  VCAN_LCD.o [1]
  .rodata              const         0xbdac     0x4  VCAN_LCD_CH.o [1]
  .rodata              const         0xbdb0     0x4  xlocale_c.o [2]
  .rodata              const         0xbdb4     0x0  zero_init3.o [4]
                                   - 0xbdb4  0xb99c

"P2", part 1 of 2:                           0x1e6c
  .data                         0x1fff'0410  0x1c84  <Block>
    .data-1                     0x1fff'0410  0x1c84  <Init block>
      .data            inited   0x1fff'0410     0x4  main.o [1]
      .data            inited   0x1fff'0414     0x4  main.o [1]
      .data            inited   0x1fff'0418     0x4  main.o [1]
      .data            inited   0x1fff'041c     0x4  main.o [1]
      .data            inited   0x1fff'0420  0x12c0  main.o [1]
      .data            inited   0x1fff'16e0    0x3c  main.o [1]
      .data            inited   0x1fff'171c    0x3c  main.o [1]
      .data            inited   0x1fff'1758     0x8  MK60_adc.o [1]
      .data            inited   0x1fff'1760   0x708  MK60_conf.o [1]
      .data            inited   0x1fff'1e68    0x10  MK60_ftm.o [1]
      .data            inited   0x1fff'1e78    0x14  MK60_gpio.o [1]
      .data            inited   0x1fff'1e8c     0x8  MK60_i2c.o [1]
      .data            inited   0x1fff'1e94    0x58  MK60_mcg.o [1]
      .data            inited   0x1fff'1eec     0x4  MK60_mcg.o [1]
      .data            inited   0x1fff'1ef0    0x14  MK60_port.o [1]
      .data            inited   0x1fff'1f04    0x18  MK60_uart.o [1]
      .data            inited   0x1fff'1f1c    0x80  VCAN_ASCII.o [1]
      .data            inited   0x1fff'1f9c     0x8  VCAN_key.o [1]
      .data            inited   0x1fff'1fa4     0x4  VCAN_LED.o [1]
      .data            inited   0x1fff'1fa8    0x64  VCAN_OV7725_Eagle.o [1]
      .data            inited   0x1fff'200c    0x38  xlocale_c.o [2]
      .data            inited   0x1fff'2044    0x48  xfiles.o [2]
      .data            inited   0x1fff'208c     0x2  main.o [1]
      .data            inited   0x1fff'208e     0x2  VCAN_LCD_ST7735S.o [1]
      .data            inited   0x1fff'2090     0x2  VCAN_LCD_ST7735S.o [1]
      .data            inited   0x1fff'2092     0x1  VCAN_OV7725_Eagle.o [1]
      .data            inited   0x1fff'2093     0x1  VCAN_OV7725_Eagle.o [1]
  CodeRelocateRam               0x1fff'2094   0x1e8  <Block>
    CodeRelocateRam-1           0x1fff'2094   0x1e8  <Init block>
      Veneer           inited   0x1fff'2094     0x8  - Linker created -
      Veneer           inited   0x1fff'209c     0x8  - Linker created -
      .textrw          inited   0x1fff'20a4   0x190  MK60_flash.o [1]
      .textrw          inited   0x1fff'2234    0x48  MK60_mcg.o [1]
                              - 0x1fff'227c  0x1e6c

"P2", part 2 of 2:                           0x1a0c
  .bss                          0x1fff'227c  0x1a0c  <Block>
    .bss               zero     0x1fff'227c     0x8  Analog_sensor.o [1]
    .bss               zero     0x1fff'2284     0x4  Analog_sensor.o [1]
    .bss               zero     0x1fff'2288    0x14  HMI_interface.o [1]
    .bss               zero     0x1fff'229c   0x258  main.o [1]
    .bss               zero     0x1fff'24f4  0x12c0  main.o [1]
    .bss               zero     0x1fff'37b4     0x4  main.o [1]
    .bss               zero     0x1fff'37b8     0x4  main.o [1]
    .bss               zero     0x1fff'37bc     0x4  main.o [1]
    .bss               zero     0x1fff'37c0     0x4  main.o [1]
    .bss               zero     0x1fff'37c4     0x4  main.o [1]
    .bss               zero     0x1fff'37c8     0x4  main.o [1]
    .bss               zero     0x1fff'37cc     0x4  main.o [1]
    .bss               zero     0x1fff'37d0     0x4  main.o [1]
    .bss               zero     0x1fff'37d4    0x10  MK60_ftm.o [1]
    .bss               zero     0x1fff'37e4   0x400  oled.o [1]
    .bss               zero     0x1fff'3be4     0x4  system_MK60DZ10.o [1]
    .bss               zero     0x1fff'3be8     0x4  system_MK60DZ10.o [1]
    .bss               zero     0x1fff'3bec     0x4  system_MK60DZ10.o [1]
    .bss               zero     0x1fff'3bf0    0x28  VCAN_key.o [1]
    .bss               zero     0x1fff'3c18     0x8  VCAN_key.o [1]
    .bss               zero     0x1fff'3c20     0x4  VCAN_OV7725_Eagle.o [1]
    .bss               zero     0x1fff'3c24     0x4  xfail_s.o [2]
    .bss               zero     0x1fff'3c28    0x50  xfiles.o [2]
    .bss               zero     0x1fff'3c78     0x2  HMI_interface.o [1]
    .bss               zero     0x1fff'3c7a     0x2  main.o [1]
    .bss               zero     0x1fff'3c7c     0x1  HMI_interface.o [1]
    .bss               zero     0x1fff'3c7d     0x1  HMI_interface.o [1]
    .bss               zero     0x1fff'3c7e     0x1  main.o [1]
    .bss               zero     0x1fff'3c7f     0x1  main.o [1]
    .bss               zero     0x1fff'3c80     0x1  main.o [1]
    .bss               zero     0x1fff'3c81     0x1  main.o [1]
    .bss               zero     0x1fff'3c82     0x1  main.o [1]
    .bss               zero     0x1fff'3c83     0x1  main.o [1]
    .bss               zero     0x1fff'3c84     0x1  VCAN_key.o [1]
    .bss               zero     0x1fff'3c85     0x1  VCAN_key.o [1]
    .bss               zero     0x1fff'3c86     0x1  VCAN_key.o [1]
    .bss               zero     0x1fff'3c87     0x1  VCAN_LCD_ST7735S.o [1]
                              - 0x1fff'3c88  0x1a0c

Unused ranges:

         From           To      Size
         ----           --      ----
       0xbdb4    0x10'0000  0xf'424d
  0x1fff'3c88  0x2001'0000  0x1'c379


*******************************************************************************
*** INIT TABLE
***

          Address      Size
          -------      ----
Zero (__iar_zero_init3)
    1 destination range, total size 0x1a0c:
          0x1fff'227c  0x1a0c



*******************************************************************************
*** MODULE SUMMARY
***

    Module               ro code  rw code  ro data  rw data
    ------               -------  -------  -------  -------
command line/config:
    -------------------------------------------------------
    Total:

E:\smartcar\smart_car_program2019\Prj\IAR\FN15_Debug\Obj: [1]
    Analog_sensor.o          204                         12
    HMI_interface.o          646               200       24
    MK60_PIT.o               124                56
    MK60_SysTick.o           192                60
    MK60_adc.o               680                64        8
    MK60_conf.o              320             1 948    1 800
    MK60_dma.o               584                56
    MK60_flash.o                      400      456
    MK60_ftm.o             1 504                72       32
    MK60_gpio.o              428                76       20
    MK60_i2c.o               552               136        8
    MK60_mcg.o               940       72      164       92
    MK60_port.o              184                20       20
    MK60_uart.o              592                80       24
    MK60_wdog.o               64
    VCAN_ASCII.o                             1 664      128
    VCAN_LCD.o             1 400                 8
    VCAN_LCD_CH.o            544                 4
    VCAN_LCD_ST7735S.o     4 680                68        5
    VCAN_LED.o               128                 4        4
    VCAN_OV7725_Eagle.o      536               274      106
    VCAN_SCCB.o              834
    VCAN_camera.o            152                 2
    VCAN_computer.o           64                 4
    VCAN_key.o               524                 8       59
    main.o                 4 224             9 782   10 378
    misc.o                    80                52
    oled.o                 1 364             3 684    1 024
    startup_MK60DZ10.o         8
    system_MK60DZ10.o        280                         12
    vectors.o                                1 040
    -------------------------------------------------------
    Total:                21 832      472   19 982   13 756

dl7M_tlf.a: [2]
    abort.o                    6
    abs.o                      8
    exit.o                     4
    low_level_init.o           4
    printf.o                  40
    putchar.o                 12
    sprintf.o                 64
    xfail_s.o                 64                          4
    xfiles.o                                    72      152
    xlocale_c.o                8                60       56
    xprintflarge_nomb.o    3 094
    xprout.o                  22
    xsprout.o                 10
    -------------------------------------------------------
    Total:                 3 336               132      212

m7M_tls.a: [3]
    DblAdd.o                 378
    DblDiv.o                 582
    DblMul.o                 418
    DblSub.o                 226
    DblToFlt.o               104
    DblToS32.o                58
    DblToU32.o                40
    FltToDbl.o                72
    S32ToDbl.o                34
    U32ToDbl.o                26
    fpinit_M.o                34
    frexp.o                  112
    -------------------------------------------------------
    Total:                 2 084

rt7M_tl.a: [4]
    ABImemclr4.o               6
    ABImemcpy.o              166
    ABImemset48.o             50
    I64DivMod.o              560
    I64DivZer.o                2
    XXexit.o                  12
    cexit.o                   10
    cmain.o                   30
    cstartup_M.o              12
    data_init.o               40
    memchr.o                  88
    strchr.o                  22
    strlen.o                  54
    zero_init3.o              58
    -------------------------------------------------------
    Total:                 1 110

    Gaps                      26                 6
    Linker created            24       16       32
-----------------------------------------------------------
    Grand Total:          28 412      488   20 152   13 968


*******************************************************************************
*** ENTRY LIST
***

Entry                       Address    Size  Type      Object
-----                       -------    ----  ----      ------
.bss$$Base              0x1fff'227c           --   Gb  - Linker created -
.bss$$Limit             0x1fff'3c88           --   Gb  - Linker created -
.data$$Base             0x1fff'0410           --   Gb  - Linker created -
.data$$Limit            0x1fff'2094           --   Gb  - Linker created -
.data_init$$Base              0x418           --   Gb  - Linker created -
.data_init$$Limit            0x209c           --   Gb  - Linker created -
.iar.init_table$$Base        0xbbdc           --   Gb  - Linker created -
.iar.init_table$$Limit       0xbbec           --   Gb  - Linker created -
?main                        0xbc2d          Code  Gb  cmain.o [4]
ADCN                    0x1fff'1758     0x8  Data  Gb  MK60_adc.o [1]
ASSERT_FAILED_STR            0xbb4c    0x24  Data  Gb  MK60_conf.o [1]
BAT_VOL_mV              0x1fff'2284     0x4  Data  Gb  Analog_sensor.o [1]
BuzzerCount             0x1fff'37bc     0x4  Data  Gb  main.o [1]
BuzzerInit                   0x6acf     0xe  Code  Gb  main.o [1]
CodeRelocate$$Base           0xb4b8           --   Gb  - Linker created -
CodeRelocate$$Limit          0xb6a0           --   Gb  - Linker created -
CodeRelocateRam$$Base   0x1fff'2094           --   Gb  - Linker created -
CodeRelocateRam$$Limit  0x1fff'227c           --   Gb  - Linker created -
DMA0_IRQHandler              0x68b9     0x8  Code  Gb  main.o [1]
Draw_BMP                     0x7abf    0xc0  Code  Gb  oled.o [1]
EncoderInit                  0x6abf    0x10  Code  Gb  main.o [1]
FTMN                    0x1fff'1e68    0x10  Data  Gb  MK60_ftm.o [1]
FTM_port_mux                 0x8a39   0x1a6  Code  Lc  MK60_ftm.o [1]
GPIOX                   0x1fff'1e78    0x14  Data  Gb  MK60_gpio.o [1]
I2CN                    0x1fff'1e8c     0x8  Data  Gb  MK60_i2c.o [1]
ImageAnalyze                 0x6b61   0xb24  Code  Gb  main.o [1]
KEY_PTxn                0x1fff'1f9c     0x8  Data  Gb  VCAN_key.o [1]
LCD_FChar_CH                 0x8691   0x198  Code  Gb  VCAN_LCD_CH.o [1]
LCD_FStr_CH                  0x8845    0x6c  Code  Gb  VCAN_LCD_CH.o [1]
LCD_Img_gray_Z               0x831d   0x13c  Code  Gb  VCAN_LCD.o [1]
LCD_ST7735S_dir              0x3ddd   0x5fe  Code  Gb  VCAN_LCD_ST7735S.o [1]
LCD_ST7735S_init             0x335d   0xa68  Code  Gb  VCAN_LCD_ST7735S.o [1]
LCD_ST7735S_ptlon            0x43db   0x19a  Code  Gb  VCAN_LCD_ST7735S.o [1]
LCD_char                     0x7ffd   0x1e6  Code  Gb  VCAN_LCD.o [1]
LCD_init                     0x7f01    0x28  Code  Gb  VCAN_LCD.o [1]
LCD_num                      0x8299    0x84  Code  Gb  VCAN_LCD.o [1]
LCD_rectangle                0x7f29    0xd4  Code  Gb  VCAN_LCD.o [1]
LCD_str                      0x81e3    0xb6  Code  Gb  VCAN_LCD.o [1]
LED_PTxn                0x1fff'1fa4     0x4  Data  Gb  VCAN_LED.o [1]
LeftBorder              0x1fff'16e0    0x3c  Data  Gb  main.o [1]
LoadInt                      0x50c1    0x7a  Code  Lc  xprintflarge_nomb.o [2]
MapJ                    0x1fff'0420  0x12c0  Data  Gb  main.o [1]
Motor2Power                  0x6a43    0x42  Code  Gb  main.o [1]
MotorInit                    0x69cd    0x34  Code  Gb  main.o [1]
MotorPower                   0x6a01    0x42  Code  Gb  main.o [1]
NVIC_DisableIRQ              0x848f    0x16  Code  Lc  VCAN_OV7725_Eagle.o [1]
NVIC_EnableIRQ               0x6655    0x18  Code  Lc  main.o [1]
NVIC_EnableIRQ               0x8479    0x16  Code  Lc  VCAN_OV7725_Eagle.o [1]
NVIC_SetPriority             0x4809    0x2c  Code  Lc  MK60_SysTick.o [1]
NVIC_SystemReset             0x48d9    0x18  Code  Lc  MK60_conf.o [1]
OLED_Clear                   0x79e3    0x3a  Code  Gb  oled.o [1]
OLED_DrawPoint               0x7a1d    0xa2  Code  Gb  oled.o [1]
OLED_GRAM               0x1fff'37e4   0x400  Data  Gb  oled.o [1]
OLED_Img_gray_Z              0x7d71   0x11a  Code  Gb  oled.o [1]
OLED_Init                    0x7c93    0xde  Code  Gb  oled.o [1]
OLED_Refresh_Gram            0x795f    0x56  Code  Gb  oled.o [1]
OLED_ShowChar                0x7b7f    0xca  Code  Gb  oled.o [1]
OLED_ShowString              0x7c49    0x4a  Code  Gb  oled.o [1]
OLED_WR_Byte                 0x79b5    0x2e  Code  Gb  oled.o [1]
OLED_process                 0x7853    0x40  Code  Gb  HMI_interface.o [1]
OLED_process::menu_page_last
                        0x1fff'3c7d     0x1  Data  Lc  HMI_interface.o [1]
PIT0_IRQHandler              0x68c1    0xf4  Code  Gb  main.o [1]
PIT1_IRQHandler              0x69b5    0x18  Code  Gb  main.o [1]
PITirqCount             0x1fff'37b4     0x4  Data  Gb  main.o [1]
PORTA_IRQHandler             0x6891    0x22  Code  Gb  main.o [1]
PORTX                   0x1fff'1ef0    0x14  Data  Gb  MK60_port.o [1]
Region$$Table$$Base          0xbbdc           --   Gb  - Linker created -
Region$$Table$$Limit         0xbbec           --   Gb  - Linker created -
Reset_Handler                 0x411          Code  Gb  startup_MK60DZ10.o [1]
RightBorder             0x1fff'171c    0x3c  Data  Gb  main.o [1]
SCCB_Ack                     0x973d    0x38  Code  Lc  VCAN_SCCB.o [1]
SCCB_GPIO_init               0x9693    0x28  Code  Gb  VCAN_SCCB.o [1]
SCCB_NoAck                   0x9775    0x38  Code  Lc  VCAN_SCCB.o [1]
SCCB_ReadByte                0x9903    0x2e  Code  Gb  VCAN_SCCB.o [1]
SCCB_ReadByte_one            0x9931    0x8a  Code  Lc  VCAN_SCCB.o [1]
SCCB_ReceiveByte             0x9831    0x50  Code  Lc  VCAN_SCCB.o [1]
SCCB_SendByte                0x97ef    0x42  Code  Lc  VCAN_SCCB.o [1]
SCCB_Start                   0x96bb    0x52  Code  Lc  VCAN_SCCB.o [1]
SCCB_Stop                    0x970d    0x30  Code  Lc  VCAN_SCCB.o [1]
SCCB_WaitAck                 0x97ad    0x42  Code  Lc  VCAN_SCCB.o [1]
SCCB_WriteByte               0x9891    0x2a  Code  Gb  VCAN_SCCB.o [1]
SCCB_WriteByte_one           0x98bb    0x48  Code  Lc  VCAN_SCCB.o [1]
SCCB_delay                   0x9679    0x1a  Code  Lc  VCAN_SCCB.o [1]
ST7735S_get_h                0x4575     0x6  Code  Gb  VCAN_LCD_ST7735S.o [1]
ST7735S_get_w                0x457b     0x6  Code  Gb  VCAN_LCD_ST7735S.o [1]
ServMotorInit                0x6a85     0xe  Code  Gb  main.o [1]
ServoPulse              0x1fff'208c     0x2  Data  Gb  main.o [1]
Speed                   0x1fff'37c0     0x4  Data  Gb  main.o [1]
Speed2                  0x1fff'37c4     0x4  Data  Gb  main.o [1]
SysTick_IRQHandler           0x68b5     0x2  Code  Gb  main.o [1]
TimeFlag100ms           0x1fff'3c82     0x1  Data  Gb  main.o [1]
TimeFlag10ms            0x1fff'3c7f     0x1  Data  Gb  main.o [1]
TimeFlag1S              0x1fff'3c83     0x1  Data  Gb  main.o [1]
TimeFlag1ms             0x1fff'3c7e     0x1  Data  Gb  main.o [1]
TimeFlag20ms            0x1fff'3c80     0x1  Data  Gb  main.o [1]
TimeFlag50ms            0x1fff'3c81     0x1  Data  Gb  main.o [1]
TimeUsed                0x1fff'37c8     0x4  Data  Gb  main.o [1]
TurnP                   0x1fff'0410     0x4  Data  Gb  main.o [1]
UARTN                   0x1fff'1f04    0x18  Data  Gb  MK60_uart.o [1]
_GenldLargeNoMb              0x5851   0x24c  Code  Lc  xprintflarge_nomb.o [2]
_LdtobLargeNoMb              0x55f7   0x232  Code  Lc  xprintflarge_nomb.o [2]
_LitobLargeNoMb              0x54a7   0x10a  Code  Lc  xprintflarge_nomb.o [2]
_Locale_lconv           0x1fff'200c    0x38  Data  Lc  xlocale_c.o [2]
_PrintfLargeNoMb             0x4f1d   0x19e  Code  Gb  xprintflarge_nomb.o [2]
_Prout                       0xbc91    0x16  Code  Gb  xprout.o [2]
_PutcharsLargeNoMb           0x5a9d    0x2e  Code  Lc  xprintflarge_nomb.o [2]
_PutfldLargeNoMb             0x513b   0x260  Code  Lc  xprintflarge_nomb.o [2]
_PuttxtLargeNoMb             0x539b   0x10c  Code  Lc  xprintflarge_nomb.o [2]
_SProut                      0x5b83     0xa  Code  Gb  xsprout.o [2]
__BOOT_STACK_ADDRESS {Abs}
                        0x2000'fff8          Data  Gb  <internal module>
__VECTOR_RAM {Abs}      0x1fff'0000          Data  Gb  <internal module>
__VECTOR_TABLE {Abs}            0x0          Data  Gb  <internal module>
__aeabi_d2f                  0x9119          Code  Gb  DblToFlt.o [3]
__aeabi_d2iz                 0x90b9          Code  Gb  DblToS32.o [3]
__aeabi_d2uiz                0x6391          Code  Gb  DblToU32.o [3]
__aeabi_dadd                 0x64cd          Code  Gb  DblAdd.o [3]
__aeabi_ddiv                 0x6149          Code  Gb  DblDiv.o [3]
__aeabi_dmul                 0x5e8d          Code  Gb  DblMul.o [3]
__aeabi_dsub                 0x63d5          Code  Gb  DblSub.o [3]
__aeabi_f2d                  0x9181          Code  Gb  FltToDbl.o [3]
__aeabi_i2d                  0x90f5          Code  Gb  S32ToDbl.o [3]
__aeabi_ldiv0                0x64c9          Code  Gb  I64DivZer.o [4]
__aeabi_memclr4              0x90b1          Code  Gb  ABImemclr4.o [4]
__aeabi_memcpy               0x6031          Code  Gb  ABImemcpy.o [4]
__aeabi_memcpy4              0x6051          Code  Gb  ABImemcpy.o [4]
__aeabi_memcpy8              0x6051          Code  Gb  ABImemcpy.o [4]
__aeabi_ui2d                 0x63b9          Code  Gb  U32ToDbl.o [3]
__aeabi_uldivmod             0x5c5d          Code  Gb  I64DivMod.o [4]
__cmain                      0xbc2d          Code  Gb  cmain.o [4]
__code_start__ {Abs}          0x410          Data  Gb  <internal module>
__exit                       0x6649          Code  Gb  XXexit.o [4]
__iar_Fail_s                 0x5b8d    0x1c  Code  Gb  xfail_s.o [2]
__iar_Memchr                 0x5c05          Code  Gb  memchr.o [4]
__iar_Memset4_word           0x9c65          Code  Gb  ABImemset48.o [4]
__iar_Memset8_word           0x9c65          Code  Gb  ABImemset48.o [4]
__iar_Stdout            0x1fff'2044    0x48  Data  Gb  xfiles.o [2]
__iar_Strchr                 0x5b6d          Code  Gb  strchr.o [4]
__iar_dadd                   0x63e5          Code  Gb  DblSub.o [3]
__iar_data_init3             0xbb25    0x28  Code  Gb  data_init.o [4]
__iar_dsub                   0x64dd          Code  Gb  DblAdd.o [3]
__iar_dsubStart              0x64ef          Code  Gb  DblAdd.o [3]
__iar_frexp                  0x60e5          Code  Gb  frexp.o [3]
__iar_frexpl                 0x60e5          Code  Gb  frexp.o [3]
__iar_init_vfp               0xbbb9          Code  Gb  fpinit_M.o [3]
__iar_program_start          0xbd8d          Code  Gb  cstartup_M.o [4]
__iar_softfp___iar_frexp64
                             0x60d9          Code  Gb  frexp.o [3]
__iar_softfp_frexp           0x60d9          Code  Gb  frexp.o [3]
__iar_softfp_frexpl          0x60d9          Code  Gb  frexp.o [3]
__iar_zero_init3             0x5b33    0x3a  Code  Gb  zero_init3.o [4]
__low_level_init             0xbc4b     0x4  Code  Gb  low_level_init.o [2]
__vector_table                  0x0   0x410  Data  Gb  vectors.o [1]
_call_main                   0xbc39          Code  Gb  cmain.o [4]
_exit                        0xbc55          Code  Gb  cexit.o [4]
_main                        0xbc47          Code  Gb  cmain.o [4]
abort                        0x64c1     0x6  Code  Gb  abort.o [2]
abs                          0x9c97     0x8  Code  Gb  abs.o [2]
adc_init                     0x99bd   0x1f6  Code  Gb  MK60_adc.o [1]
adc_once                     0x9bb3    0x50  Code  Gb  MK60_adc.o [1]
adc_start                    0x9c03    0x4c  Code  Lc  MK60_adc.o [1]
ascii_8x16                   0x9ca0   0x600  Data  Gb  VCAN_ASCII.o [1]
assert_failed                0x48f1    0x26  Code  Gb  MK60_conf.o [1]
bm_switch_init               0x78ed    0x2c  Code  Gb  HMI_interface.o [1]
bmp1                         0xad04   0x400  Data  Gb  oled.o [1]
bus_clk_khz             0x1fff'3bec     0x4  Data  Gb  system_MK60DZ10.o [1]
common_startup               0xb6fb    0x84  Code  Gb  system_MK60DZ10.o [1]
core_clk_khz            0x1fff'3be4     0x4  Data  Gb  system_MK60DZ10.o [1]
core_clk_mhz            0x1fff'3be8     0x4  Data  Gb  system_MK60DZ10.o [1]
default_isr                  0x49c7    0x32  Code  Gb  MK60_conf.o [1]
dis_buff1               0x1fff'2288    0x14  Data  Gb  HMI_interface.o [1]
display_logo                 0x76d5     0xc  Code  Gb  HMI_interface.o [1]
dma_gpio_input_init          0x9431    0x5c  Code  Lc  MK60_dma.o [1]
dma_portx2buff_init          0x948d   0x1b6  Code  Gb  MK60_dma.o [1]
exit                         0xbc4f     0x4  Code  Gb  exit.o [2]
flash_cmd               0x1fff'20a5    0x1c  Code  Gb  MK60_flash.o [1]
flash_erase_sector      0x1fff'20e1    0x5c  Code  Gb  MK60_flash.o [1]
flash_init              0x1fff'20c1    0x20  Code  Gb  MK60_flash.o [1]
flash_write             0x1fff'213d    0xba  Code  Gb  MK60_flash.o [1]
fputc                        0x4917    0x14  Code  Gb  MK60_conf.o [1]
ftm_mod                 0x1fff'37d4    0x10  Data  Lc  MK60_ftm.o [1]
ftm_pwm_duty                 0x8d83   0x116  Code  Gb  MK60_ftm.o [1]
ftm_pwm_init                 0x8bdf   0x1a4  Code  Gb  MK60_ftm.o [1]
ftm_quad_clean               0x8fcf    0x2e  Code  Gb  MK60_ftm.o [1]
ftm_quad_get                 0x8fa1    0x2e  Code  Gb  MK60_ftm.o [1]
ftm_quad_init                0x8e99   0x108  Code  Gb  MK60_ftm.o [1]
get_key_msg                  0x4dff    0x54  Code  Gb  VCAN_key.o [1]
get_sensor_val               0x8951    0x8c  Code  Gb  Analog_sensor.o [1]
get_sw_status                0x7919    0x42  Code  Gb  HMI_interface.o [1]
get_system_config            0x666d    0x3a  Code  Gb  main.o [1]
gpio_get                     0x470b    0x3c  Code  Gb  MK60_gpio.o [1]
gpio_init                    0x45a5    0xb6  Code  Gb  MK60_gpio.o [1]
gpio_set                     0x465b    0x76  Code  Gb  MK60_gpio.o [1]
gpio_turn                    0x46d1    0x3a  Code  Gb  MK60_gpio.o [1]
i2c_delay                    0x9329    0x20  Code  Gb  MK60_i2c.o [1]
i2c_init                     0x9209   0x120  Code  Gb  MK60_i2c.o [1]
i2c_write_reg                0x9349    0xd4  Code  Gb  MK60_i2c.o [1]
img                     0x1fff'24f4  0x12c0  Data  Gb  main.o [1]
imgCount                0x1fff'37b8     0x4  Data  Gb  main.o [1]
img_extract                  0x9019    0x98  Code  Gb  VCAN_camera.o [1]
imgbuff                 0x1fff'229c   0x258  Data  Gb  main.o [1]
imgsize                 0x1fff'0414     0x4  Data  Gb  main.o [1]
init_sensor                  0x892d    0x22  Code  Gb  Analog_sensor.o [1]
key_IRQHandler               0x4e53    0xb0  Code  Gb  VCAN_key.o [1]
key_IRQHandler::keytime
                        0x1fff'3c18     0x8  Data  Lc  VCAN_key.o [1]
key_check                    0x4d85    0x2a  Code  Gb  VCAN_key.o [1]
key_get                      0x4d69    0x1c  Code  Gb  VCAN_key.o [1]
key_init                     0x4d11    0x58  Code  Gb  VCAN_key.o [1]
key_msg                 0x1fff'3bf0    0x28  Data  Gb  VCAN_key.o [1]
key_msg_flag            0x1fff'3c86     0x1  Data  Gb  VCAN_key.o [1]
key_msg_front           0x1fff'3c84     0x1  Data  Gb  VCAN_key.o [1]
key_msg_process              0x77eb    0x68  Code  Gb  HMI_interface.o [1]
key_msg_rear            0x1fff'3c85     0x1  Data  Gb  VCAN_key.o [1]
keymsg                  0x1fff'3c78     0x2  Data  Gb  HMI_interface.o [1]
led_init                     0x4a19    0x40  Code  Gb  VCAN_LED.o [1]
led_turn                     0x4a59    0x38  Code  Gb  VCAN_LED.o [1]
localeconv                   0x64b9     0x4  Code  Gb  xlocale_c.o [2]
main                         0x66a7   0x1e8  Code  Gb  main.o [1]
mcg_cfg                 0x1fff'1e94    0x58  Data  Gb  MK60_mcg.o [1]
mcg_div                 0x1fff'1eec     0x4  Data  Gb  MK60_mcg.o [1]
mcg_div_count                0xb10d   0x2f8  Code  Gb  MK60_mcg.o [1]
memchr                       0x5c05          Code  Gb  memchr.o [4]
menu_page               0x1fff'3c7c     0x1  Data  Gb  HMI_interface.o [1]
my_delay                     0x795d     0x2  Code  Gb  oled.o [1]
obuf                    0x1fff'3c28    0x50  Data  Lc  xfiles.o [2]
oled_asc2_1206               0xa890   0x474  Data  Gb  oled.o [1]
oled_asc2_1608               0xa2a0   0x5f0  Data  Gb  oled.o [1]
ov7725_eagle_cfgnum     0x1fff'2093     0x1  Data  Gb  VCAN_OV7725_Eagle.o [1]
ov7725_eagle_dma             0x854d    0x12  Code  Gb  VCAN_OV7725_Eagle.o [1]
ov7725_eagle_get_img         0x855f    0x36  Code  Gb  VCAN_OV7725_Eagle.o [1]
ov7725_eagle_img_buff   0x1fff'3c20     0x4  Data  Gb  VCAN_OV7725_Eagle.o [1]
ov7725_eagle_img_flag   0x1fff'2092     0x1  Data  Gb  VCAN_OV7725_Eagle.o [1]
ov7725_eagle_init            0x84a5    0x18  Code  Gb  VCAN_OV7725_Eagle.o [1]
ov7725_eagle_port_init       0x84bd    0x50  Code  Lc  VCAN_OV7725_Eagle.o [1]
ov7725_eagle_reg        0x1fff'1fa8    0x64  Data  Gb  VCAN_OV7725_Eagle.o [1]
ov7725_eagle_reg_init        0x8595    0xae  Code  Lc  VCAN_OV7725_Eagle.o [1]
ov7725_eagle_vsync           0x850d    0x40  Code  Gb  VCAN_OV7725_Eagle.o [1]
pit_init                     0x88b1    0x6c  Code  Gb  MK60_PIT.o [1]
pll_init                     0xb405    0x96  Code  Gb  MK60_mcg.o [1]
port_init                    0x4751    0x48  Code  Gb  MK60_port.o [1]
port_init_NoALT              0x4799    0x68  Code  Gb  MK60_port.o [1]
printf                       0x4a99    0x28  Code  Gb  printf.o [2]
putchar                      0xbca9     0xc  Code  Gb  putchar.o [2]
scale                        0x55b1    0x46  Code  Lc  xprintflarge_nomb.o [2]
sec_hand                0x1fff'3c24     0x4  Data  Lc  xfail_s.o [2]
sen_var                 0x1fff'227c     0x8  Data  Gb  Analog_sensor.o [1]
send_key_msg                 0x4daf    0x50  Code  Gb  VCAN_key.o [1]
set_serv                     0x6a93    0x2c  Code  Gb  main.o [1]
set_speed               0x1fff'3c7a     0x2  Data  Gb  main.o [1]
set_sys_dividers        0x1fff'2235    0x48  Code  Gb  MK60_mcg.o [1]
set_vector_handler           0x7ed3    0x22  Code  Gb  misc.o [1]
show_pic_on_oled             0x6add    0x1a  Code  Gb  main.o [1]
site                    0x1fff'37cc     0x4  Data  Gb  main.o [1]
size                    0x1fff'0418     0x4  Data  Gb  main.o [1]
sprintf                      0x91c9    0x40  Code  Gb  sprintf.o [2]
st7735s_dir             0x1fff'3c87     0x1  Data  Gb  VCAN_LCD_ST7735S.o [1]
st7735s_h               0x1fff'208e     0x2  Data  Gb  VCAN_LCD_ST7735S.o [1]
st7735s_w               0x1fff'2090     0x2  Data  Gb  VCAN_LCD_ST7735S.o [1]
start                        0xb6a1    0x22  Code  Gb  system_MK60DZ10.o [1]
start_check                  0x492b    0x9c  Code  Gb  MK60_conf.o [1]
strSite                 0x1fff'041c     0x4  Data  Gb  main.o [1]
strchr                       0x5b6d          Code  Gb  strchr.o [4]
strlen                       0x5bcd          Code  Gb  strlen.o [4]
sysinit                      0xb6c3    0x38  Code  Gb  system_MK60DZ10.o [1]
system_config           0x1fff'37d0     0x4  Data  Gb  main.o [1]
systick_delay                0x4835    0x32  Code  Gb  MK60_SysTick.o [1]
systick_delay_ms             0x4867    0x18  Code  Gb  MK60_SysTick.o [1]
systick_timing               0x487f    0x2e  Code  Gb  MK60_SysTick.o [1]
uart_init                    0x4ac1   0x1f6  Code  Gb  MK60_uart.o [1]
uart_putbuff                 0x4cd3    0x26  Code  Gb  MK60_uart.o [1]
uart_putchar                 0x4cb7    0x1c  Code  Gb  MK60_uart.o [1]
update_display0              0x76e1    0x60  Code  Gb  HMI_interface.o [1]
update_display1              0x7741    0x62  Code  Gb  HMI_interface.o [1]
update_display2              0x77a3    0x48  Code  Gb  HMI_interface.o [1]
vcan_sendimg                 0x89f9    0x38  Code  Gb  VCAN_computer.o [1]
vcan_str                0x1fff'1f1c    0x80  Data  Gb  VCAN_ASCII.o [1]
vector_str              0x1fff'1760   0x708  Data  Gb  MK60_conf.o [1]
wdog_disable                 0xb7b9    0x14  Code  Gb  MK60_wdog.o [1]
wdog_unlock                  0xb7cd    0x20  Code  Lc  MK60_wdog.o [1]
write_vtor                   0x7eb1    0x22  Code  Gb  misc.o [1]


[1] = E:\smartcar\smart_car_program2019\Prj\IAR\FN15_Debug\Obj
[2] = dl7M_tlf.a
[3] = m7M_tls.a
[4] = rt7M_tl.a

  28 412 bytes of readonly  code memory
     488 bytes of readwrite code memory
  20 152 bytes of readonly  data memory
  13 968 bytes of readwrite data memory

Errors: none
Warnings: none
